[
    {
        "watchpoint_hit1": {
            "name": "Default/Add-op0",
            "slot": 0,
            "condition": 2,
            "watchpoint_id": 1,
            "parameter": [],
            "error_code": 0,
            "rank_id": 0,
            "root_graph_id": 0
        }
    }
]