[
    {
        "tensor_1": {
            "tensor_info": {
                "node_name": "Default--data-1",
                "slot": 0,
                "iteration": 0,
                "rank_id": 0,
                "root_graph_id": 0,
                "is_output": true
            },
            "tensor_data": {
                "data": [
                    0,
                    0,
                    0,
                    66,
                    0,
                    0,
                    128,
                    69
                ],
                "size_in_bytes": 8,
                "debugger_dtype": 11,
                "shape": [
                    2
                ]
            }
        }
    },
    {
        "tensor_2": {
            "tensor_info": {
                "node_name": "Default/data-1",
                "slot": 0,
                "iteration": 0,
                "rank_id": 0,
                "root_graph_id": 0,
                "is_output": true
            },
            "tensor_data": {
                "data": [],
                "size_in_bytes": 0,
                "debugger_dtype": 0,
                "shape": []
            }
        }
    }
]