{"1_4": "Default/loss_scaling_manager-DynamicLossScaleUpdateCell/Add-op123", "1_5": "Default/loss_scaling_manager-DynamicLossScaleUpdateCell/Sub-op110", "1_6": "Default/loss_scaling_manager-DynamicLossScaleUpdateCell/Mul-op118", "1_7": "Default/loss_scaling_manager-DynamicLossScaleUpdateCell/Maximum-op119", "1_8": "Default/loss_scaling_manager-DynamicLossScaleUpdateCell/LessEqual-op111", "1_9": "Gradients/Default/network-WithLossCell/_loss_fn-SoftmaxCrossEntropyWithLogits/gradSparseSoftmaxCrossEntropyWithLogits/OneHot-op183", "1_10": "Default/NPUAllocFloatStatus-op18", "1_11": "Default/network-WithLossCell/_backbone-LeNet5/fc3-Dense/Cast-op41", "1_12": "Default/AtomicAddrClean-op472", "1_13": "Default/network-WithLossCell/_backbone-LeNet5/fc3-Dense/TransData-op314", "1_14": "Default/network-WithLossCell/_backbone-LeNet5/fc3-Dense/Cast-op34", "1_15": "Default/AtomicAddrClean-op473", "1_16": "Default/network-WithLossCell/_backbone-LeNet5/fc3-Dense/TransData-op320", "1_17": "Default/network-WithLossCell/_backbone-LeNet5/fc3-Dense/Cast-op48", "1_18": "Default/AtomicAddrClean-op474", "1_19": "Default/network-WithLossCell/_backbone-LeNet5/fc3-Dense/TransData-op273", "1_20": "Default/network-WithLossCell/_backbone-LeNet5/Cast-op20", "1_21": "Default/network-WithLossCell/_backbone-LeNet5/TransData-op337", "1_22": "Default/network-WithLossCell/_backbone-LeNet5/conv2-Conv2d/Cast-op28", "1_23": "Default/network-WithLossCell/_backbone-LeNet5/conv2-Conv2d/TransData-op344", "1_24": "Default/network-WithLossCell/_backbone-LeNet5/conv1-Conv2d/Cast-op23", "1_25": "Default/AtomicAddrClean-op475", "1_26": "Default/network-WithLossCell/_backbone-LeNet5/conv1-Conv2d/TransData-op338", "1_27": "Default/network-WithLossCell/_backbone-LeNet5/relu-ReLU/FusionOp_Conv2D_ReLUV2-op392", "1_28": "Default/AtomicAddrClean-op476", "1_29": "Default/network-WithLossCell/_backbone-LeNet5/max_pool2d-MaxPool2d/MaxPoolWithArgmax-op167", "1_30": "Default/network-WithLossCell/_backbone-LeNet5/relu-ReLU/FusionOp_Conv2D_ReLUV2-op393", "1_31": "Default/AtomicAddrClean-op477", "1_32": "Default/network-WithLossCell/_backbone-LeNet5/max_pool2d-MaxPool2d/MaxPoolWithArgmax-op169", "1_33": "Default/network-WithLossCell/_backbone-LeNet5/max_pool2d-MaxPool2d/TransData-op311", "1_34": "Default/network-WithLossCell/_backbone-LeNet5/flatten-Flatten/TransData-op319", "1_35": "Default/network-WithLossCell/_backbone-LeNet5/fc3-Dense/Cast-op37", "1_36": "Default/network-WithLossCell/_backbone-LeNet5/relu-ReLU/FusionOp_MatMul_ReLU-op383", "1_37": "Default/network-WithLossCell/_backbone-LeNet5/fc3-Dense/Cast-op44", "1_38": "Default/network-WithLossCell/_backbone-LeNet5/relu-ReLU/FusionOp_MatMul_ReLU-op382", "1_39": "Default/network-WithLossCell/_backbone-LeNet5/fc3-Dense/Cast-op51", "1_40": "Default/network-WithLossCell/_backbone-LeNet5/fc3-Dense/MatMul-op229", "1_41": "Default/network-WithLossCell/_backbone-LeNet5/fc3-Dense/TransData-op274", "1_42": "Default/network-WithLossCell/Cast-op52", "1_43": "Gradients/Default/network-WithLossCell/_loss_fn-SoftmaxCrossEntropyWithLogits/gradSparseSoftmaxCrossEntropyWithLogits/SoftmaxCrossEntropyWithLogits-op184", "1_44": "Default/AtomicAddrClean-op478", "1_45": "Gradients/Default/network-WithLossCell/_loss_fn-SoftmaxCrossEntropyWithLogits/gradSparseSoftmaxCrossEntropyWithLogits/ReduceMean-op186", "1_46": "Default/NPUClearFloatStatus-op56", "1_47": "Default/Reciprocal-op74", "1_48": "Gradients/Default/network-WithLossCell/_loss_fn-SoftmaxCrossEntropyWithLogits/gradSparseSoftmaxCrossEntropyWithLogits/Tile-op188", "1_49": "Gradients/Default/network-WithLossCell/_loss_fn-SoftmaxCrossEntropyWithLogits/gradSparseSoftmaxCrossEntropyWithLogits/RealDiv-op189", "1_50": "Gradients/Default/network-WithLossCell/_loss_fn-SoftmaxCrossEntropyWithLogits/gradSparseSoftmaxCrossEntropyWithLogits/Mul-op191", "1_51": "Gradients/Default/network-WithLossCell/gradCast/Cast-op60", "1_52": "Gradients/Default/network-WithLossCell/_backbone-LeNet5/fc3-Dense/gradBiasAdd/BiasAddGrad-op96", "1_53": "Gradients/Default/network-WithLossCell/gradCast/TransData-op303", "1_54": "Gradients/Default/network-WithLossCell/_backbone-LeNet5/gradCast/Cast-op97", "1_55": "Default/FusionOp_MatMul_Mul-op388", "1_56": "Gradients/Default/network-WithLossCell/_backbone-LeNet5/fc3-Dense/gradMatMul/MatMul-op61", "1_57": "Default/Mul-op75", "1_58": "Default/TransData-op265", "1_59": "Gradients/Default/network-WithLossCell/_backbone-LeNet5/relu-ReLU/gradReLU/ReluGrad-op62", "1_60": "Default/FusionOp_MatMul_Mul-op389", "1_61": "Gradients/Default/network-WithLossCell/_backbone-LeNet5/fc3-Dense/gradBiasAdd/BiasAddGrad-op90", "1_62": "Gradients/Default/network-WithLossCell/_backbone-LeNet5/fc3-Dense/gradMatMul/MatMul-op63", "1_63": "Default/TransData-op263", "1_64": "Gradients/Default/network-WithLossCell/_backbone-LeNet5/gradCast/Cast-op91", "1_65": "Gradients/Default/network-WithLossCell/_backbone-LeNet5/relu-ReLU/gradReLU/ReluGrad-op64", "1_66": "Default/Mul-op92", "1_67": "Default/FusionOp_MatMul_Mul-op387", "1_68": "Gradients/Default/network-WithLossCell/_backbone-LeNet5/fc3-Dense/gradBiasAdd/BiasAddGrad-op84", "1_69": "Default/TransData-op261", "1_70": "Gradients/Default/network-WithLossCell/_backbone-LeNet5/gradCast/Cast-op85", "1_71": "Default/Mul-op86", "1_72": "Gradients/Default/network-WithLossCell/_backbone-LeNet5/fc3-Dense/gradMatMul/MatMul-op65", "1_73": "Gradients/Default/network-WithLossCell/_backbone-LeNet5/fc3-Dense/gradMatMul/TransData-op342", "1_74": "Gradients/Default/network-WithLossCell/_backbone-LeNet5/flatten-Flatten/gradReshape/TransData-op329", "1_75": "Default/AtomicAddrClean-op479", "1_76": "Gradients/Default/network-WithLossCell/_backbone-LeNet5/max_pool2d-MaxPool2d/gradMaxPool/MaxPoolGradWithArgmax-op172", "1_77": "Gradients/Default/network-WithLossCell/_backbone-LeNet5/relu-ReLU/gradReLU/ReluGradV2-op235", "1_78": "Default/AtomicAddrClean-op480", "1_79": "Gradients/Default/network-WithLossCell/_backbone-LeNet5/conv2-Conv2d/gradConv2D/Conv2DBackpropFilter-op78", "1_80": "Gradients/Default/network-WithLossCell/_backbone-LeNet5/conv2-Conv2d/gradConv2D/Conv2DBackpropInput-op69", "1_81": "Default/Mul-op80", "1_82": "Default/AtomicAddrClean-op481", "1_83": "Gradients/Default/network-WithLossCell/_backbone-LeNet5/max_pool2d-MaxPool2d/gradMaxPool/MaxPoolGradWithArgmax-op174", "1_84": "Gradients/Default/network-WithLossCell/_backbone-LeNet5/relu-ReLU/gradReLU/ReluGradV2-op237", "1_85": "Default/AtomicAddrClean-op482", "1_86": "Gradients/Default/network-WithLossCell/_backbone-LeNet5/conv1-Conv2d/gradConv2D/Conv2DBackpropFilter-op72", "1_87": "Default/Mul-op76", "1_88": "Default/NPUGetFloatStatus-op99", "1_89": "Default/AtomicAddrClean-op483", "1_90": "Default/ReduceSum-op100", "1_91": "Default/LessEqual-op101", "1_92": "Default/LogicalNot-op102", "1_93": "Default/loss_scaling_manager-DynamicLossScaleUpdateCell/Select-op120", "1_94": "Default/loss_scaling_manager-DynamicLossScaleUpdateCell/LogicalOr-op112", "1_95": "Default/Cast-op376", "1_96": "Default/loss_scaling_manager-DynamicLossScaleUpdateCell/LogicalAnd-op116", "1_97": "Default/loss_scaling_manager-DynamicLossScaleUpdateCell/Mul-op121", "1_98": "Default/loss_scaling_manager-DynamicLossScaleUpdateCell/Select-op113", "1_99": "Default/loss_scaling_manager-DynamicLossScaleUpdateCell/Select-op117", "1_100": "Default/loss_scaling_manager-DynamicLossScaleUpdateCell/Assign-op122", "1_101": "Default/loss_scaling_manager-DynamicLossScaleUpdateCell/Assign-op114", "1_102": "Default/loss_scaling_manager-DynamicLossScaleUpdateCell/Assign-op125", "1_103": "Default/TransData-op257", "1_104": "Default/Assign-op207", "1_105": "Default/AtomicAddrClean-op484", "1_106": "Default/TransData-op254", "1_107": "Default/Assign-op206", "1_108": "Default/TransData-op378", "1_109": "Default/TransData-op377", "1_112": "Default/optimizer-Momentum/ApplyMomentum-op131", "1_113": "Default/optimizer-Momentum/ApplyMomentum-op133", "1_114": "Default/optimizer-Momentum/ApplyMomentum-op135", "1_115": "Default/optimizer-Momentum/ApplyMomentum-op137", "1_116": "Default/optimizer-Momentum/ApplyMomentum-op139", "1_117": "Default/optimizer-Momentum/ApplyMomentum-op141", "1_118": "Default/optimizer-Momentum/ApplyMomentum-op143", "1_119": "Default/optimizer-Momentum/ApplyMomentum-op145", "1_120": "Default/Assign-op240", "1_121": "Default/Assign-op239", "1_122": "Default/Assign-op238", "1_127": "Default/Assign-op247", "1_128": "Default/Assign-op246", "1_129": "Default/Assign-op245"}